Scope: all 5 workspace projects
✓ Lockfile passes supply-chain policies (verified 4m ago)
Lockfile is up to date, resolution step is skipped
Packages are hard linked from the content-addressable store to the virtual store.
  Content-addressable store is at: /tmp/.pnpm-store/v11
  Virtual store is at:             node_modules/.pnpm
Downloading three@0.184.0: 0.00 B/12.66 MB
Downloading @rolldown/binding-linux-x64-gnu@1.2.7: 0.00 B/7.96 MB
Downloading @typescript/typescript-linux-x64@7.0.2: 0.00 B/9.66 MB
Downloading @oxlint-tsgolint/linux-x64@7.0.2001: 0.00 B/7.71 MB
Downloading @oxlint/binding-linux-x64-gnu@1.81.0: 0.00 B/6.51 MB
Packages: +71
+++++++++++++++++++++++++++++++++++++++++++++++++++++++++++++++++++++++
Progress: resolved 71, reused 2, downloaded 69, added 71, done

devDependencies:
+ @types/node 24.13.3
+ @types/react 19.2.18
+ @types/react-dom 19.2.7
+ @typescript/typescript6 6.0.2
+ @vitejs/plugin-react 6.1.1
+ oxlint 1.81.0
+ oxlint-tsgolint 7.0.2001
+ react 19.2.8
+ react-dom 19.2.8
+ three 0.184.0
+ typescript 7.0.2
+ vite 8.2.2
+ vite-plugin-glsl 1.6.1
+ vitest 5.0.0

Done in 1.1s using pnpm v12.3.4
