$ node scripts/package-consumer-smoke.mjs
checked packed @royal/renderer-core 84 KiB
checked packed @royal/renderer-webgl 904 KiB
checked packed @royal/react 84 KiB
Progress: resolved 0, reused 1, downloaded 0, added 0
Packages are hard linked from the content-addressable store to the virtual store.
  Content-addressable store is at: /tmp/.pnpm-store/v11
  Virtual store is at:             node_modules/.pnpm
Packages: +7
+++++++
Progress: resolved 7, reused 6, downloaded 1, added 7, done

dependencies:
+ @royal/react 0.0.35
+ @royal/renderer-core 0.0.35
+ @royal/renderer-webgl 0.0.35
+ react 19.2.8

devDependencies:
+ @types/react link:../../home/neftaly/dev/royal/node_modules/@types/react
+ @typescript/typescript6 link:../../home/neftaly/dev/royal/node_modules/@typescript/typescript6
+ typescript link:../../home/neftaly/dev/royal/node_modules/typescript

Done in 183ms using pnpm v12.3.4
ok packed Royal entrypoints
ok packed standalone Draco and Meshopt codecs
