
> royal@0.0.21 check:package-consumer /home/neftaly/dev/royal
> node scripts/package-consumer-smoke.mjs

checked packed @royal/renderer-core 83 KiB
checked packed @royal/renderer-webgl 659 KiB
checked packed @royal/react 83 KiB
Progress: resolved 0, reused 1, downloaded 0, added 0
Packages: +5
+++++
Progress: resolved 5, reused 4, downloaded 1, added 5, done

dependencies:
+ @royal/react 0.0.21
+ @royal/renderer-core 0.0.21
+ @royal/renderer-webgl 0.0.21
+ react 19.2.8 <- ../../home/neftaly/dev/royal/node_modules/react

devDependencies:
+ @types/react 19.2.18 <- ../../home/neftaly/dev/royal/node_modules/@types/react
+ typescript 6.0.3 <- ../../home/neftaly/dev/royal/node_modules/typescript

Done in 433ms using pnpm v10.34.5
ok packed Royal entrypoints
ok packed standalone Draco and Meshopt codecs
